// Jest Snapshot v1, https://goo.gl/fbAQLP

exports[`ButtonPanel Component matches the snapshot 1`] = `[Function]`;
