// Jest Snapshot v1, https://goo.gl/fbAQLP

exports[`Button Component matches the snapshot 1`] = `[Function]`;
