// Jest Snapshot v1, https://goo.gl/fbAQLP

exports[`Describe the display component matches the snapshot 1`] = `[Function]`;
